// Jest Snapshot v1, https://goo.gl/fbAQLP

exports[`about renders correctly 1`] = `<about />`;
