// Jest Snapshot v1, https://goo.gl/fbAQLP

exports[`blog renders correctly 1`] = `<blog />`;
