// Jest Snapshot v1, https://goo.gl/fbAQLP

exports[`index renders correctly 1`] = `<index />`;
